-- Install configuration: ""
-- Up-to-date: /home/akinsantos/minipulator_ws/install/open_manipulator_pro_gazebo/share/open_manipulator_pro_gazebo//launch
-- Up-to-date: /home/akinsantos/minipulator_ws/install/open_manipulator_pro_gazebo/share/open_manipulator_pro_gazebo//launch/gazebo_classic.launch.py
-- Up-to-date: /home/akinsantos/minipulator_ws/install/open_manipulator_pro_gazebo/share/open_manipulator_pro_gazebo//launch/gazebo_fortress.launch.py
-- Up-to-date: /home/akinsantos/minipulator_ws/install/open_manipulator_pro_gazebo/share/open_manipulator_pro_gazebo//launch/simulation.launch.py
-- Up-to-date: /home/akinsantos/minipulator_ws/install/open_manipulator_pro_gazebo/share/open_manipulator_pro_gazebo//worlds
-- Up-to-date: /home/akinsantos/minipulator_ws/install/open_manipulator_pro_gazebo/share/open_manipulator_pro_gazebo//worlds/wall_objects_done2.world
-- Up-to-date: /home/akinsantos/minipulator_ws/install/open_manipulator_pro_gazebo/share/open_manipulator_pro_gazebo//worlds/empty_gzb.sdf
-- Up-to-date: /home/akinsantos/minipulator_ws/install/open_manipulator_pro_gazebo/share/open_manipulator_pro_gazebo//worlds/wall_objects_done2.sdf
-- Up-to-date: /home/akinsantos/minipulator_ws/install/open_manipulator_pro_gazebo/share/open_manipulator_pro_gazebo//worlds/empty.sdf
-- Up-to-date: /home/akinsantos/minipulator_ws/install/open_manipulator_pro_gazebo/share/open_manipulator_pro_gazebo//objects
-- Up-to-date: /home/akinsantos/minipulator_ws/install/open_manipulator_pro_gazebo/share/open_manipulator_pro_gazebo//objects/grasp_box.urdf
-- Up-to-date: /home/akinsantos/minipulator_ws/install/open_manipulator_pro_gazebo/share/open_manipulator_pro_gazebo//objects/grasp_box_anti_colide.urdf
-- Up-to-date: /home/akinsantos/minipulator_ws/install/open_manipulator_pro_gazebo/share/ament_index/resource_index/package_run_dependencies/open_manipulator_pro_gazebo
-- Up-to-date: /home/akinsantos/minipulator_ws/install/open_manipulator_pro_gazebo/share/ament_index/resource_index/parent_prefix_path/open_manipulator_pro_gazebo
-- Up-to-date: /home/akinsantos/minipulator_ws/install/open_manipulator_pro_gazebo/share/open_manipulator_pro_gazebo/environment/ament_prefix_path.sh
-- Up-to-date: /home/akinsantos/minipulator_ws/install/open_manipulator_pro_gazebo/share/open_manipulator_pro_gazebo/environment/ament_prefix_path.dsv
-- Up-to-date: /home/akinsantos/minipulator_ws/install/open_manipulator_pro_gazebo/share/open_manipulator_pro_gazebo/environment/path.sh
-- Up-to-date: /home/akinsantos/minipulator_ws/install/open_manipulator_pro_gazebo/share/open_manipulator_pro_gazebo/environment/path.dsv
-- Up-to-date: /home/akinsantos/minipulator_ws/install/open_manipulator_pro_gazebo/share/open_manipulator_pro_gazebo/local_setup.bash
-- Up-to-date: /home/akinsantos/minipulator_ws/install/open_manipulator_pro_gazebo/share/open_manipulator_pro_gazebo/local_setup.sh
-- Up-to-date: /home/akinsantos/minipulator_ws/install/open_manipulator_pro_gazebo/share/open_manipulator_pro_gazebo/local_setup.zsh
-- Up-to-date: /home/akinsantos/minipulator_ws/install/open_manipulator_pro_gazebo/share/open_manipulator_pro_gazebo/local_setup.dsv
-- Up-to-date: /home/akinsantos/minipulator_ws/install/open_manipulator_pro_gazebo/share/open_manipulator_pro_gazebo/package.dsv
-- Up-to-date: /home/akinsantos/minipulator_ws/install/open_manipulator_pro_gazebo/share/ament_index/resource_index/packages/open_manipulator_pro_gazebo
-- Up-to-date: /home/akinsantos/minipulator_ws/install/open_manipulator_pro_gazebo/share/open_manipulator_pro_gazebo/cmake/open_manipulator_pro_gazeboConfig.cmake
-- Up-to-date: /home/akinsantos/minipulator_ws/install/open_manipulator_pro_gazebo/share/open_manipulator_pro_gazebo/cmake/open_manipulator_pro_gazeboConfig-version.cmake
-- Up-to-date: /home/akinsantos/minipulator_ws/install/open_manipulator_pro_gazebo/share/open_manipulator_pro_gazebo/package.xml
