[0.014s] Invoking command in '/home/akinsantos/minipulator_ws/build/open_manipulator_pro_gazebo': CMAKE_PREFIX_PATH=${CMAKE_PREFIX_PATH}:/home/akinsantos/ws_moveit/install/moveit_configs_utils:/home/akinsantos/ws_moveit/install/launch_param_builder:/opt/ros/humble /usr/bin/cmake /home/akinsantos/minipulator_ws/src/open_manipulator_pro_gazebo -DCMAKE_INSTALL_PREFIX=/home/akinsantos/minipulator_ws/install/open_manipulator_pro_gazebo
[0.330s] -- The C compiler identification is GNU 11.4.0
[0.573s] -- The CXX compiler identification is GNU 11.4.0
[0.580s] -- Detecting C compiler ABI info
[0.654s] -- Detecting C compiler ABI info - done
[0.660s] -- Check for working C compiler: /usr/bin/cc - skipped
[0.661s] -- Detecting C compile features
[0.661s] -- Detecting C compile features - done
[0.663s] -- Detecting CXX compiler ABI info
[0.737s] -- Detecting CXX compiler ABI info - done
[0.743s] -- Check for working CXX compiler: /usr/bin/c++ - skipped
[0.743s] -- Detecting CXX compile features
[0.744s] -- Detecting CXX compile features - done
[0.749s] -- Found ament_cmake: 1.3.11 (/opt/ros/humble/share/ament_cmake/cmake)
[0.880s] -- Found Python3: /usr/bin/python3 (found version "3.10.12") found components: Interpreter 
[0.995s] -- Found ament_lint_auto: 0.12.12 (/opt/ros/humble/share/ament_lint_auto/cmake)
[1.081s] -- Added test 'flake8' to check Python code syntax and style conventions
[1.082s] -- Added test 'lint_cmake' to check CMake code style
[1.083s] -- Added test 'pep257' to check Python code against some of the docstring style conventions in PEP 257
[1.085s] -- Added test 'xmllint' to check XML markup files
[1.087s] -- Configuring done
[1.089s] -- Generating done
[1.090s] -- Build files have been written to: /home/akinsantos/minipulator_ws/build/open_manipulator_pro_gazebo
[1.093s] Invoked command in '/home/akinsantos/minipulator_ws/build/open_manipulator_pro_gazebo' returned '0': CMAKE_PREFIX_PATH=${CMAKE_PREFIX_PATH}:/home/akinsantos/ws_moveit/install/moveit_configs_utils:/home/akinsantos/ws_moveit/install/launch_param_builder:/opt/ros/humble /usr/bin/cmake /home/akinsantos/minipulator_ws/src/open_manipulator_pro_gazebo -DCMAKE_INSTALL_PREFIX=/home/akinsantos/minipulator_ws/install/open_manipulator_pro_gazebo
[1.094s] Invoking command in '/home/akinsantos/minipulator_ws/build/open_manipulator_pro_gazebo': CMAKE_PREFIX_PATH=${CMAKE_PREFIX_PATH}:/home/akinsantos/ws_moveit/install/moveit_configs_utils:/home/akinsantos/ws_moveit/install/launch_param_builder:/opt/ros/humble /usr/bin/cmake --build /home/akinsantos/minipulator_ws/build/open_manipulator_pro_gazebo -- -j8 -l8
[1.129s] Invoked command in '/home/akinsantos/minipulator_ws/build/open_manipulator_pro_gazebo' returned '0': CMAKE_PREFIX_PATH=${CMAKE_PREFIX_PATH}:/home/akinsantos/ws_moveit/install/moveit_configs_utils:/home/akinsantos/ws_moveit/install/launch_param_builder:/opt/ros/humble /usr/bin/cmake --build /home/akinsantos/minipulator_ws/build/open_manipulator_pro_gazebo -- -j8 -l8
[1.138s] Invoking command in '/home/akinsantos/minipulator_ws/build/open_manipulator_pro_gazebo': CMAKE_PREFIX_PATH=${CMAKE_PREFIX_PATH}:/home/akinsantos/ws_moveit/install/moveit_configs_utils:/home/akinsantos/ws_moveit/install/launch_param_builder:/opt/ros/humble /usr/bin/cmake --install /home/akinsantos/minipulator_ws/build/open_manipulator_pro_gazebo
[1.144s] -- Install configuration: ""
[1.145s] -- Installing: /home/akinsantos/minipulator_ws/install/open_manipulator_pro_gazebo/share/open_manipulator_pro_gazebo//launch
[1.145s] -- Installing: /home/akinsantos/minipulator_ws/install/open_manipulator_pro_gazebo/share/open_manipulator_pro_gazebo//launch/gazebo_classic.launch.py
[1.145s] -- Installing: /home/akinsantos/minipulator_ws/install/open_manipulator_pro_gazebo/share/open_manipulator_pro_gazebo//launch/gazebo_fortress.launch.py
[1.145s] -- Installing: /home/akinsantos/minipulator_ws/install/open_manipulator_pro_gazebo/share/open_manipulator_pro_gazebo//launch/simulation.launch.py
[1.145s] -- Installing: /home/akinsantos/minipulator_ws/install/open_manipulator_pro_gazebo/share/open_manipulator_pro_gazebo//worlds
[1.145s] -- Installing: /home/akinsantos/minipulator_ws/install/open_manipulator_pro_gazebo/share/open_manipulator_pro_gazebo//worlds/wall_objects_done2.world
[1.145s] -- Installing: /home/akinsantos/minipulator_ws/install/open_manipulator_pro_gazebo/share/open_manipulator_pro_gazebo//worlds/empty_gzb.sdf
[1.146s] -- Installing: /home/akinsantos/minipulator_ws/install/open_manipulator_pro_gazebo/share/open_manipulator_pro_gazebo//worlds/wall_objects_done2.sdf
[1.146s] -- Installing: /home/akinsantos/minipulator_ws/install/open_manipulator_pro_gazebo/share/open_manipulator_pro_gazebo//worlds/empty.sdf
[1.146s] -- Installing: /home/akinsantos/minipulator_ws/install/open_manipulator_pro_gazebo/share/open_manipulator_pro_gazebo//objects
[1.146s] -- Installing: /home/akinsantos/minipulator_ws/install/open_manipulator_pro_gazebo/share/open_manipulator_pro_gazebo//objects/grasp_box.urdf
[1.147s] -- Installing: /home/akinsantos/minipulator_ws/install/open_manipulator_pro_gazebo/share/open_manipulator_pro_gazebo//objects/grasp_box_anti_colide.urdf
[1.147s] -- Installing: /home/akinsantos/minipulator_ws/install/open_manipulator_pro_gazebo/share/ament_index/resource_index/package_run_dependencies/open_manipulator_pro_gazebo
[1.147s] -- Installing: /home/akinsantos/minipulator_ws/install/open_manipulator_pro_gazebo/share/ament_index/resource_index/parent_prefix_path/open_manipulator_pro_gazebo
[1.147s] -- Installing: /home/akinsantos/minipulator_ws/install/open_manipulator_pro_gazebo/share/open_manipulator_pro_gazebo/environment/ament_prefix_path.sh
[1.147s] -- Installing: /home/akinsantos/minipulator_ws/install/open_manipulator_pro_gazebo/share/open_manipulator_pro_gazebo/environment/ament_prefix_path.dsv
[1.147s] -- Installing: /home/akinsantos/minipulator_ws/install/open_manipulator_pro_gazebo/share/open_manipulator_pro_gazebo/environment/path.sh
[1.147s] -- Installing: /home/akinsantos/minipulator_ws/install/open_manipulator_pro_gazebo/share/open_manipulator_pro_gazebo/environment/path.dsv
[1.147s] -- Installing: /home/akinsantos/minipulator_ws/install/open_manipulator_pro_gazebo/share/open_manipulator_pro_gazebo/local_setup.bash
[1.147s] -- Installing: /home/akinsantos/minipulator_ws/install/open_manipulator_pro_gazebo/share/open_manipulator_pro_gazebo/local_setup.sh
[1.147s] -- Installing: /home/akinsantos/minipulator_ws/install/open_manipulator_pro_gazebo/share/open_manipulator_pro_gazebo/local_setup.zsh
[1.148s] -- Installing: /home/akinsantos/minipulator_ws/install/open_manipulator_pro_gazebo/share/open_manipulator_pro_gazebo/local_setup.dsv
[1.148s] -- Installing: /home/akinsantos/minipulator_ws/install/open_manipulator_pro_gazebo/share/open_manipulator_pro_gazebo/package.dsv
[1.148s] -- Installing: /home/akinsantos/minipulator_ws/install/open_manipulator_pro_gazebo/share/ament_index/resource_index/packages/open_manipulator_pro_gazebo
[1.148s] -- Installing: /home/akinsantos/minipulator_ws/install/open_manipulator_pro_gazebo/share/open_manipulator_pro_gazebo/cmake/open_manipulator_pro_gazeboConfig.cmake
[1.148s] -- Installing: /home/akinsantos/minipulator_ws/install/open_manipulator_pro_gazebo/share/open_manipulator_pro_gazebo/cmake/open_manipulator_pro_gazeboConfig-version.cmake
[1.148s] -- Installing: /home/akinsantos/minipulator_ws/install/open_manipulator_pro_gazebo/share/open_manipulator_pro_gazebo/package.xml
[1.149s] Invoked command in '/home/akinsantos/minipulator_ws/build/open_manipulator_pro_gazebo' returned '0': CMAKE_PREFIX_PATH=${CMAKE_PREFIX_PATH}:/home/akinsantos/ws_moveit/install/moveit_configs_utils:/home/akinsantos/ws_moveit/install/launch_param_builder:/opt/ros/humble /usr/bin/cmake --install /home/akinsantos/minipulator_ws/build/open_manipulator_pro_gazebo
