[0.025s] Invoking command in '/home/akinsantos/minipulator_ws/build/dynamixel_workbench_toolbox': CMAKE_PREFIX_PATH=${CMAKE_PREFIX_PATH}:/home/akinsantos/ws_moveit/install/moveit_configs_utils:/home/akinsantos/ws_moveit/install/launch_param_builder:/opt/ros/humble /usr/bin/cmake /home/akinsantos/minipulator_ws/src/dynamixel-workbench/dynamixel_workbench_toolbox -DCMAKE_INSTALL_PREFIX=/home/akinsantos/minipulator_ws/install/dynamixel_workbench_toolbox
[0.348s] -- The C compiler identification is GNU 11.4.0
[0.590s] -- The CXX compiler identification is GNU 11.4.0
[0.598s] -- Detecting C compiler ABI info
[0.672s] -- Detecting C compiler ABI info - done
[0.677s] -- Check for working C compiler: /usr/bin/cc - skipped
[0.678s] -- Detecting C compile features
[0.679s] -- Detecting C compile features - done
[0.681s] -- Detecting CXX compiler ABI info
[0.755s] -- Detecting CXX compiler ABI info - done
[0.761s] -- Check for working CXX compiler: /usr/bin/c++ - skipped
[0.761s] -- Detecting CXX compile features
[0.761s] -- Detecting CXX compile features - done
[0.766s] -- Found ament_cmake: 1.3.11 (/opt/ros/humble/share/ament_cmake/cmake)
[0.897s] -- Found Python3: /usr/bin/python3 (found version "3.10.12") found components: Interpreter 
[1.013s] -- Found dynamixel_sdk: 3.8.3 (/opt/ros/humble/share/dynamixel_sdk/cmake)
[1.019s] -- Found rclcpp: 16.0.12 (/opt/ros/humble/share/rclcpp/cmake)
[1.093s] -- Found rosidl_generator_c: 3.1.6 (/opt/ros/humble/share/rosidl_generator_c/cmake)
[1.102s] -- Found rosidl_adapter: 3.1.6 (/opt/ros/humble/share/rosidl_adapter/cmake)
[1.115s] -- Found rosidl_generator_cpp: 3.1.6 (/opt/ros/humble/share/rosidl_generator_cpp/cmake)
[1.135s] -- Using all available rosidl_typesupport_c: rosidl_typesupport_fastrtps_c;rosidl_typesupport_introspection_c
[1.158s] -- Using all available rosidl_typesupport_cpp: rosidl_typesupport_fastrtps_cpp;rosidl_typesupport_introspection_cpp
[1.246s] -- Found rmw_implementation_cmake: 6.1.2 (/opt/ros/humble/share/rmw_implementation_cmake/cmake)
[1.255s] -- Found rmw_fastrtps_cpp: 6.2.7 (/opt/ros/humble/share/rmw_fastrtps_cpp/cmake)
[1.372s] -- Found OpenSSL: /usr/lib/x86_64-linux-gnu/libcrypto.so (found version "3.0.2")  
[1.399s] -- Found FastRTPS: /opt/ros/humble/include  
[1.440s] -- Using RMW implementation 'rmw_fastrtps_cpp' as default
[1.459s] -- Looking for pthread.h
[1.529s] -- Looking for pthread.h - found
[1.529s] -- Performing Test CMAKE_HAVE_LIBC_PTHREAD
[1.595s] -- Performing Test CMAKE_HAVE_LIBC_PTHREAD - Success
[1.595s] -- Found Threads: TRUE  
[1.731s] -- Configuring done
[1.737s] -- Generating done
[1.743s] -- Build files have been written to: /home/akinsantos/minipulator_ws/build/dynamixel_workbench_toolbox
[1.750s] Invoked command in '/home/akinsantos/minipulator_ws/build/dynamixel_workbench_toolbox' returned '0': CMAKE_PREFIX_PATH=${CMAKE_PREFIX_PATH}:/home/akinsantos/ws_moveit/install/moveit_configs_utils:/home/akinsantos/ws_moveit/install/launch_param_builder:/opt/ros/humble /usr/bin/cmake /home/akinsantos/minipulator_ws/src/dynamixel-workbench/dynamixel_workbench_toolbox -DCMAKE_INSTALL_PREFIX=/home/akinsantos/minipulator_ws/install/dynamixel_workbench_toolbox
[1.751s] Invoking command in '/home/akinsantos/minipulator_ws/build/dynamixel_workbench_toolbox': CMAKE_PREFIX_PATH=${CMAKE_PREFIX_PATH}:/home/akinsantos/ws_moveit/install/moveit_configs_utils:/home/akinsantos/ws_moveit/install/launch_param_builder:/opt/ros/humble /usr/bin/cmake --build /home/akinsantos/minipulator_ws/build/dynamixel_workbench_toolbox -- -j8 -l8
[1.798s] [ 80%] [32mBuilding CXX object CMakeFiles/dynamixel_workbench_toolbox.dir/src/dynamixel_workbench_toolbox/dynamixel_driver.cpp.o[0m
[1.798s] [ 80%] [32mBuilding CXX object CMakeFiles/dynamixel_workbench_toolbox.dir/src/dynamixel_workbench_toolbox/dynamixel_tool.cpp.o[0m
[1.798s] [ 80%] [32mBuilding CXX object CMakeFiles/dynamixel_workbench_toolbox.dir/src/dynamixel_workbench_toolbox/dynamixel_item.cpp.o[0m
[1.798s] [ 80%] [32mBuilding CXX object CMakeFiles/dynamixel_workbench_toolbox.dir/src/dynamixel_workbench_toolbox/dynamixel_workbench.cpp.o[0m
[2.328s] [100%] [32m[1mLinking CXX shared library libdynamixel_workbench_toolbox.so[0m
[2.409s] [100%] Built target dynamixel_workbench_toolbox
[2.421s] Invoked command in '/home/akinsantos/minipulator_ws/build/dynamixel_workbench_toolbox' returned '0': CMAKE_PREFIX_PATH=${CMAKE_PREFIX_PATH}:/home/akinsantos/ws_moveit/install/moveit_configs_utils:/home/akinsantos/ws_moveit/install/launch_param_builder:/opt/ros/humble /usr/bin/cmake --build /home/akinsantos/minipulator_ws/build/dynamixel_workbench_toolbox -- -j8 -l8
[2.422s] Invoking command in '/home/akinsantos/minipulator_ws/build/dynamixel_workbench_toolbox': CMAKE_PREFIX_PATH=${CMAKE_PREFIX_PATH}:/home/akinsantos/ws_moveit/install/moveit_configs_utils:/home/akinsantos/ws_moveit/install/launch_param_builder:/opt/ros/humble /usr/bin/cmake --install /home/akinsantos/minipulator_ws/build/dynamixel_workbench_toolbox
[2.429s] -- Install configuration: ""
[2.430s] -- Installing: /home/akinsantos/minipulator_ws/install/dynamixel_workbench_toolbox/lib/libdynamixel_workbench_toolbox.so
[2.430s] -- Set runtime path of "/home/akinsantos/minipulator_ws/install/dynamixel_workbench_toolbox/lib/libdynamixel_workbench_toolbox.so" to ""
[2.430s] -- Installing: /home/akinsantos/minipulator_ws/install/dynamixel_workbench_toolbox/include/
[2.430s] -- Installing: /home/akinsantos/minipulator_ws/install/dynamixel_workbench_toolbox/include//dynamixel_workbench_toolbox
[2.431s] -- Installing: /home/akinsantos/minipulator_ws/install/dynamixel_workbench_toolbox/include//dynamixel_workbench_toolbox/dynamixel_tool.h
[2.431s] -- Installing: /home/akinsantos/minipulator_ws/install/dynamixel_workbench_toolbox/include//dynamixel_workbench_toolbox/dynamixel_item.h
[2.431s] -- Installing: /home/akinsantos/minipulator_ws/install/dynamixel_workbench_toolbox/include//dynamixel_workbench_toolbox/dynamixel_workbench.h
[2.431s] -- Installing: /home/akinsantos/minipulator_ws/install/dynamixel_workbench_toolbox/include//dynamixel_workbench_toolbox/dynamixel_driver.h
[2.431s] -- Installing: /home/akinsantos/minipulator_ws/install/dynamixel_workbench_toolbox/share/dynamixel_workbench_toolbox/environment/library_path.sh
[2.431s] -- Installing: /home/akinsantos/minipulator_ws/install/dynamixel_workbench_toolbox/share/dynamixel_workbench_toolbox/environment/library_path.dsv
[2.433s] -- Installing: /home/akinsantos/minipulator_ws/install/dynamixel_workbench_toolbox/share/ament_index/resource_index/package_run_dependencies/dynamixel_workbench_toolbox
[2.433s] -- Installing: /home/akinsantos/minipulator_ws/install/dynamixel_workbench_toolbox/share/ament_index/resource_index/parent_prefix_path/dynamixel_workbench_toolbox
[2.433s] -- Installing: /home/akinsantos/minipulator_ws/install/dynamixel_workbench_toolbox/share/dynamixel_workbench_toolbox/environment/ament_prefix_path.sh
[2.433s] -- Installing: /home/akinsantos/minipulator_ws/install/dynamixel_workbench_toolbox/share/dynamixel_workbench_toolbox/environment/ament_prefix_path.dsv
[2.433s] -- Installing: /home/akinsantos/minipulator_ws/install/dynamixel_workbench_toolbox/share/dynamixel_workbench_toolbox/environment/path.sh
[2.433s] -- Installing: /home/akinsantos/minipulator_ws/install/dynamixel_workbench_toolbox/share/dynamixel_workbench_toolbox/environment/path.dsv
[2.433s] -- Installing: /home/akinsantos/minipulator_ws/install/dynamixel_workbench_toolbox/share/dynamixel_workbench_toolbox/local_setup.bash
[2.433s] -- Installing: /home/akinsantos/minipulator_ws/install/dynamixel_workbench_toolbox/share/dynamixel_workbench_toolbox/local_setup.sh
[2.433s] -- Installing: /home/akinsantos/minipulator_ws/install/dynamixel_workbench_toolbox/share/dynamixel_workbench_toolbox/local_setup.zsh
[2.433s] -- Installing: /home/akinsantos/minipulator_ws/install/dynamixel_workbench_toolbox/share/dynamixel_workbench_toolbox/local_setup.dsv
[2.433s] -- Installing: /home/akinsantos/minipulator_ws/install/dynamixel_workbench_toolbox/share/dynamixel_workbench_toolbox/package.dsv
[2.433s] -- Installing: /home/akinsantos/minipulator_ws/install/dynamixel_workbench_toolbox/share/ament_index/resource_index/packages/dynamixel_workbench_toolbox
[2.433s] -- Installing: /home/akinsantos/minipulator_ws/install/dynamixel_workbench_toolbox/share/dynamixel_workbench_toolbox/cmake/ament_cmake_export_include_directories-extras.cmake
[2.434s] -- Installing: /home/akinsantos/minipulator_ws/install/dynamixel_workbench_toolbox/share/dynamixel_workbench_toolbox/cmake/ament_cmake_export_dependencies-extras.cmake
[2.434s] -- Installing: /home/akinsantos/minipulator_ws/install/dynamixel_workbench_toolbox/share/dynamixel_workbench_toolbox/cmake/ament_cmake_export_libraries-extras.cmake
[2.434s] -- Installing: /home/akinsantos/minipulator_ws/install/dynamixel_workbench_toolbox/share/dynamixel_workbench_toolbox/cmake/dynamixel_workbench_toolboxConfig.cmake
[2.434s] -- Installing: /home/akinsantos/minipulator_ws/install/dynamixel_workbench_toolbox/share/dynamixel_workbench_toolbox/cmake/dynamixel_workbench_toolboxConfig-version.cmake
[2.434s] -- Installing: /home/akinsantos/minipulator_ws/install/dynamixel_workbench_toolbox/share/dynamixel_workbench_toolbox/package.xml
[2.435s] Invoked command in '/home/akinsantos/minipulator_ws/build/dynamixel_workbench_toolbox' returned '0': CMAKE_PREFIX_PATH=${CMAKE_PREFIX_PATH}:/home/akinsantos/ws_moveit/install/moveit_configs_utils:/home/akinsantos/ws_moveit/install/launch_param_builder:/opt/ros/humble /usr/bin/cmake --install /home/akinsantos/minipulator_ws/build/dynamixel_workbench_toolbox
