[0.022s] Invoking command in '/home/akinsantos/minipulator_ws/build/phantomx_reactor_arm_description': CMAKE_PREFIX_PATH=${CMAKE_PREFIX_PATH}:/home/akinsantos/ws_moveit/install/moveit_configs_utils:/home/akinsantos/ws_moveit/install/launch_param_builder:/opt/ros/humble /usr/bin/cmake --build /home/akinsantos/minipulator_ws/build/phantomx_reactor_arm_description -- -j8 -l8
[0.087s] [ 50%] Built target test_protocol1
[0.095s] [100%] Built target move_arm_client
[0.139s] Invoked command in '/home/akinsantos/minipulator_ws/build/phantomx_reactor_arm_description' returned '0': CMAKE_PREFIX_PATH=${CMAKE_PREFIX_PATH}:/home/akinsantos/ws_moveit/install/moveit_configs_utils:/home/akinsantos/ws_moveit/install/launch_param_builder:/opt/ros/humble /usr/bin/cmake --build /home/akinsantos/minipulator_ws/build/phantomx_reactor_arm_description -- -j8 -l8
[0.141s] Invoking command in '/home/akinsantos/minipulator_ws/build/phantomx_reactor_arm_description': CMAKE_PREFIX_PATH=${CMAKE_PREFIX_PATH}:/home/akinsantos/ws_moveit/install/moveit_configs_utils:/home/akinsantos/ws_moveit/install/launch_param_builder:/opt/ros/humble /usr/bin/cmake --install /home/akinsantos/minipulator_ws/build/phantomx_reactor_arm_description
[0.149s] -- Install configuration: ""
[0.149s] -- Up-to-date: /home/akinsantos/minipulator_ws/install/phantomx_reactor_arm_description/share/phantomx_reactor_arm_description//config
[0.149s] -- Up-to-date: /home/akinsantos/minipulator_ws/install/phantomx_reactor_arm_description/share/phantomx_reactor_arm_description//config/controllers_pincher.yaml
[0.149s] -- Up-to-date: /home/akinsantos/minipulator_ws/install/phantomx_reactor_arm_description/share/phantomx_reactor_arm_description//config/initial_positions.yaml
[0.150s] -- Up-to-date: /home/akinsantos/minipulator_ws/install/phantomx_reactor_arm_description/share/phantomx_reactor_arm_description//config/ninety_degrees_postion.yaml
[0.150s] -- Up-to-date: /home/akinsantos/minipulator_ws/install/phantomx_reactor_arm_description/share/phantomx_reactor_arm_description//config/limit_joints.yaml
[0.150s] -- Up-to-date: /home/akinsantos/minipulator_ws/install/phantomx_reactor_arm_description/share/phantomx_reactor_arm_description//config/controllers.yaml
[0.150s] -- Up-to-date: /home/akinsantos/minipulator_ws/install/phantomx_reactor_arm_description/share/phantomx_reactor_arm_description//config/to_top_position.yaml
[0.150s] -- Up-to-date: /home/akinsantos/minipulator_ws/install/phantomx_reactor_arm_description/share/phantomx_reactor_arm_description//config/description.rviz
[0.150s] -- Up-to-date: /home/akinsantos/minipulator_ws/install/phantomx_reactor_arm_description/share/phantomx_reactor_arm_description//launch
[0.150s] -- Up-to-date: /home/akinsantos/minipulator_ws/install/phantomx_reactor_arm_description/share/phantomx_reactor_arm_description//launch/phantomx_reactor_no_wrist_rviz_demo.launch
[0.150s] -- Up-to-date: /home/akinsantos/minipulator_ws/install/phantomx_reactor_arm_description/share/phantomx_reactor_arm_description//launch/phantomx_reactor_wrist_rviz_demo.launch.py
[0.150s] -- Up-to-date: /home/akinsantos/minipulator_ws/install/phantomx_reactor_arm_description/share/phantomx_reactor_arm_description//launch/phantomx_reactor_wrist_load_description.launch.py
[0.150s] -- Up-to-date: /home/akinsantos/minipulator_ws/install/phantomx_reactor_arm_description/share/phantomx_reactor_arm_description//launch/phantomx_real_ros2.launch.py
[0.151s] -- Up-to-date: /home/akinsantos/minipulator_ws/install/phantomx_reactor_arm_description/share/phantomx_reactor_arm_description//launch/phantomx_reactor_wrist_rviz_demo.launch
[0.151s] -- Up-to-date: /home/akinsantos/minipulator_ws/install/phantomx_reactor_arm_description/share/phantomx_reactor_arm_description//launch/phantomx_reactor_wrist_load_description.launch
[0.151s] -- Up-to-date: /home/akinsantos/minipulator_ws/install/phantomx_reactor_arm_description/share/phantomx_reactor_arm_description//launch/phantomx_pincher_ros2.launch.py
[0.151s] -- Up-to-date: /home/akinsantos/minipulator_ws/install/phantomx_reactor_arm_description/share/phantomx_reactor_arm_description//launch/rviz.launch.py
[0.151s] -- Up-to-date: /home/akinsantos/minipulator_ws/install/phantomx_reactor_arm_description/share/phantomx_reactor_arm_description//launch/mimic.launch.py
[0.151s] -- Up-to-date: /home/akinsantos/minipulator_ws/install/phantomx_reactor_arm_description/share/phantomx_reactor_arm_description//launch/robot_description.launch.py
[0.151s] -- Up-to-date: /home/akinsantos/minipulator_ws/install/phantomx_reactor_arm_description/share/phantomx_reactor_arm_description//meshes
[0.152s] -- Up-to-date: /home/akinsantos/minipulator_ws/install/phantomx_reactor_arm_description/share/phantomx_reactor_arm_description//meshes/base_link_real.stl
[0.152s] -- Up-to-date: /home/akinsantos/minipulator_ws/install/phantomx_reactor_arm_description/share/phantomx_reactor_arm_description//meshes/Gripper_Hand_Fixed.stl
[0.152s] -- Up-to-date: /home/akinsantos/minipulator_ws/install/phantomx_reactor_arm_description/share/phantomx_reactor_arm_description//meshes/Gripper_Hand_Fixed_Centered.stl
[0.152s] -- Up-to-date: /home/akinsantos/minipulator_ws/install/phantomx_reactor_arm_description/share/phantomx_reactor_arm_description//meshes/shoulder_link_hull.stl
[0.152s] -- Up-to-date: /home/akinsantos/minipulator_ws/install/phantomx_reactor_arm_description/share/phantomx_reactor_arm_description//meshes/bicep_link_hull.stl
[0.152s] -- Up-to-date: /home/akinsantos/minipulator_ws/install/phantomx_reactor_arm_description/share/phantomx_reactor_arm_description//meshes/forearm_link.stl
[0.152s] -- Up-to-date: /home/akinsantos/minipulator_ws/install/phantomx_reactor_arm_description/share/phantomx_reactor_arm_description//meshes/Guide_Rail_Fixed_Centered.stl
[0.152s] -- Up-to-date: /home/akinsantos/minipulator_ws/install/phantomx_reactor_arm_description/share/phantomx_reactor_arm_description//meshes/create_collision_mesh.mlx
[0.152s] -- Up-to-date: /home/akinsantos/minipulator_ws/install/phantomx_reactor_arm_description/share/phantomx_reactor_arm_description//meshes/forearm_link_hull.stl
[0.152s] -- Up-to-date: /home/akinsantos/minipulator_ws/install/phantomx_reactor_arm_description/share/phantomx_reactor_arm_description//meshes/gripper_link.stl
[0.153s] -- Up-to-date: /home/akinsantos/minipulator_ws/install/phantomx_reactor_arm_description/share/phantomx_reactor_arm_description//meshes/wrist_1.stl
[0.153s] -- Up-to-date: /home/akinsantos/minipulator_ws/install/phantomx_reactor_arm_description/share/phantomx_reactor_arm_description//meshes/gripper_link_hull.stl
[0.153s] -- Up-to-date: /home/akinsantos/minipulator_ws/install/phantomx_reactor_arm_description/share/phantomx_reactor_arm_description//meshes/bicep_link.STL
[0.153s] -- Up-to-date: /home/akinsantos/minipulator_ws/install/phantomx_reactor_arm_description/share/phantomx_reactor_arm_description//meshes/wrist_2.stl
[0.153s] -- Up-to-date: /home/akinsantos/minipulator_ws/install/phantomx_reactor_arm_description/share/phantomx_reactor_arm_description//meshes/wrist_2_hull.stl
[0.153s] -- Up-to-date: /home/akinsantos/minipulator_ws/install/phantomx_reactor_arm_description/share/phantomx_reactor_arm_description//meshes/base_link_hull.stl
[0.153s] -- Up-to-date: /home/akinsantos/minipulator_ws/install/phantomx_reactor_arm_description/share/phantomx_reactor_arm_description//meshes/base_link.STL
[0.153s] -- Up-to-date: /home/akinsantos/minipulator_ws/install/phantomx_reactor_arm_description/share/phantomx_reactor_arm_description//meshes/Guide_Rail_Fixed.stl
[0.153s] -- Up-to-date: /home/akinsantos/minipulator_ws/install/phantomx_reactor_arm_description/share/phantomx_reactor_arm_description//meshes/shoulder_link.STL
[0.153s] -- Up-to-date: /home/akinsantos/minipulator_ws/install/phantomx_reactor_arm_description/share/phantomx_reactor_arm_description//meshes/wrist_1_hull.stl
[0.153s] -- Up-to-date: /home/akinsantos/minipulator_ws/install/phantomx_reactor_arm_description/share/phantomx_reactor_arm_description//robots
[0.153s] -- Up-to-date: /home/akinsantos/minipulator_ws/install/phantomx_reactor_arm_description/share/phantomx_reactor_arm_description//robots/phantomx_reactor_arm_no_wrist.urdf.xacro
[0.153s] -- Up-to-date: /home/akinsantos/minipulator_ws/install/phantomx_reactor_arm_description/share/phantomx_reactor_arm_description//robots/phantomx_reactor_arm_wrist.urdf.xacro
[0.153s] -- Up-to-date: /home/akinsantos/minipulator_ws/install/phantomx_reactor_arm_description/share/phantomx_reactor_arm_description//robots/phantomx_pincher.urdf.xacro
[0.153s] -- Up-to-date: /home/akinsantos/minipulator_ws/install/phantomx_reactor_arm_description/share/phantomx_reactor_arm_description//robots/phantomx_macro_test.urdf.xacro
[0.153s] -- Up-to-date: /home/akinsantos/minipulator_ws/install/phantomx_reactor_arm_description/share/phantomx_reactor_arm_description//urdf
[0.154s] -- Up-to-date: /home/akinsantos/minipulator_ws/install/phantomx_reactor_arm_description/share/phantomx_reactor_arm_description//urdf/phantomx_reactor_wrist_ros2_control.xacro
[0.154s] -- Up-to-date: /home/akinsantos/minipulator_ws/install/phantomx_reactor_arm_description/share/phantomx_reactor_arm_description//urdf/phantomx_reactor_wrist.urdf.xacro
[0.154s] -- Up-to-date: /home/akinsantos/minipulator_ws/install/phantomx_reactor_arm_description/share/phantomx_reactor_arm_description//urdf/phantomx_reactor_wrist._moveit.urdf.xacro
[0.154s] -- Up-to-date: /home/akinsantos/minipulator_ws/install/phantomx_reactor_arm_description/share/phantomx_reactor_arm_description//urdf/phantomx_pincher_ros2.xacro
[0.154s] -- Up-to-date: /home/akinsantos/minipulator_ws/install/phantomx_reactor_arm_description/share/phantomx_reactor_arm_description//urdf/phantomx_test.urdf.xacro
[0.154s] -- Up-to-date: /home/akinsantos/minipulator_ws/install/phantomx_reactor_arm_description/share/phantomx_reactor_arm_description//urdf/gazebo.urdf.xacro
[0.154s] -- Up-to-date: /home/akinsantos/minipulator_ws/install/phantomx_reactor_arm_description/share/phantomx_reactor_arm_description//urdf/phantomx_pincher.urdf.xacro
[0.154s] -- Up-to-date: /home/akinsantos/minipulator_ws/install/phantomx_reactor_arm_description/share/phantomx_reactor_arm_description//urdf/phantomx_reactor_no_wrist.urdf.xacro
[0.154s] -- Up-to-date: /home/akinsantos/minipulator_ws/install/phantomx_reactor_arm_description/share/phantomx_reactor_arm_description//src
[0.154s] -- Up-to-date: /home/akinsantos/minipulator_ws/install/phantomx_reactor_arm_description/share/phantomx_reactor_arm_description//src/test_protocol1.cpp
[0.154s] -- Up-to-date: /home/akinsantos/minipulator_ws/install/phantomx_reactor_arm_description/share/phantomx_reactor_arm_description//src/security_node.cpp
[0.154s] -- Up-to-date: /home/akinsantos/minipulator_ws/install/phantomx_reactor_arm_description/share/phantomx_reactor_arm_description//src/move_arm_client.cpp
[0.155s] -- Up-to-date: /home/akinsantos/minipulator_ws/install/phantomx_reactor_arm_description/share/phantomx_reactor_arm_description//scripts
[0.155s] -- Up-to-date: /home/akinsantos/minipulator_ws/install/phantomx_reactor_arm_description/share/phantomx_reactor_arm_description//scripts/mimic_controler.py
[0.155s] -- Up-to-date: /home/akinsantos/minipulator_ws/install/phantomx_reactor_arm_description/share/phantomx_reactor_arm_description/move_arm_client
[0.155s] -- Up-to-date: /home/akinsantos/minipulator_ws/install/phantomx_reactor_arm_description/share/ament_index/resource_index/package_run_dependencies/phantomx_reactor_arm_description
[0.155s] -- Up-to-date: /home/akinsantos/minipulator_ws/install/phantomx_reactor_arm_description/share/ament_index/resource_index/parent_prefix_path/phantomx_reactor_arm_description
[0.155s] -- Up-to-date: /home/akinsantos/minipulator_ws/install/phantomx_reactor_arm_description/share/phantomx_reactor_arm_description/environment/ament_prefix_path.sh
[0.155s] -- Up-to-date: /home/akinsantos/minipulator_ws/install/phantomx_reactor_arm_description/share/phantomx_reactor_arm_description/environment/ament_prefix_path.dsv
[0.155s] -- Up-to-date: /home/akinsantos/minipulator_ws/install/phantomx_reactor_arm_description/share/phantomx_reactor_arm_description/environment/path.sh
[0.155s] -- Up-to-date: /home/akinsantos/minipulator_ws/install/phantomx_reactor_arm_description/share/phantomx_reactor_arm_description/environment/path.dsv
[0.155s] -- Up-to-date: /home/akinsantos/minipulator_ws/install/phantomx_reactor_arm_description/share/phantomx_reactor_arm_description/local_setup.bash
[0.155s] -- Up-to-date: /home/akinsantos/minipulator_ws/install/phantomx_reactor_arm_description/share/phantomx_reactor_arm_description/local_setup.sh
[0.155s] -- Up-to-date: /home/akinsantos/minipulator_ws/install/phantomx_reactor_arm_description/share/phantomx_reactor_arm_description/local_setup.zsh
[0.155s] -- Up-to-date: /home/akinsantos/minipulator_ws/install/phantomx_reactor_arm_description/share/phantomx_reactor_arm_description/local_setup.dsv
[0.155s] -- Installing: /home/akinsantos/minipulator_ws/install/phantomx_reactor_arm_description/share/phantomx_reactor_arm_description/package.dsv
[0.155s] -- Up-to-date: /home/akinsantos/minipulator_ws/install/phantomx_reactor_arm_description/share/ament_index/resource_index/packages/phantomx_reactor_arm_description
[0.156s] -- Up-to-date: /home/akinsantos/minipulator_ws/install/phantomx_reactor_arm_description/share/phantomx_reactor_arm_description/cmake/phantomx_reactor_arm_descriptionConfig.cmake
[0.156s] -- Up-to-date: /home/akinsantos/minipulator_ws/install/phantomx_reactor_arm_description/share/phantomx_reactor_arm_description/cmake/phantomx_reactor_arm_descriptionConfig-version.cmake
[0.156s] -- Up-to-date: /home/akinsantos/minipulator_ws/install/phantomx_reactor_arm_description/share/phantomx_reactor_arm_description/package.xml
[0.188s] Invoked command in '/home/akinsantos/minipulator_ws/build/phantomx_reactor_arm_description' returned '0': CMAKE_PREFIX_PATH=${CMAKE_PREFIX_PATH}:/home/akinsantos/ws_moveit/install/moveit_configs_utils:/home/akinsantos/ws_moveit/install/launch_param_builder:/opt/ros/humble /usr/bin/cmake --install /home/akinsantos/minipulator_ws/build/phantomx_reactor_arm_description
