-- The C compiler identification is GNU 11.4.0
-- The CXX compiler identification is GNU 11.4.0
-- Detecting C compiler ABI info
-- Detecting C compiler ABI info - done
-- Check for working C compiler: /usr/bin/cc - skipped
-- Detecting C compile features
-- Detecting C compile features - done
-- Detecting CXX compiler ABI info
-- Detecting CXX compiler ABI info - done
-- Check for working CXX compiler: /usr/bin/c++ - skipped
-- Detecting CXX compile features
-- Detecting CXX compile features - done
-- Found ament_cmake: 1.3.11 (/opt/ros/humble/share/ament_cmake/cmake)
-- Found Python3: /usr/bin/python3 (found version "3.10.12") found components: Interpreter 
-- Found dynamixel_sdk: 3.8.3 (/opt/ros/humble/share/dynamixel_sdk/cmake)
-- Found rclcpp: 16.0.12 (/opt/ros/humble/share/rclcpp/cmake)
-- Found rosidl_generator_c: 3.1.6 (/opt/ros/humble/share/rosidl_generator_c/cmake)
-- Found rosidl_adapter: 3.1.6 (/opt/ros/humble/share/rosidl_adapter/cmake)
-- Found rosidl_generator_cpp: 3.1.6 (/opt/ros/humble/share/rosidl_generator_cpp/cmake)
-- Using all available rosidl_typesupport_c: rosidl_typesupport_fastrtps_c;rosidl_typesupport_introspection_c
-- Using all available rosidl_typesupport_cpp: rosidl_typesupport_fastrtps_cpp;rosidl_typesupport_introspection_cpp
-- Found rmw_implementation_cmake: 6.1.2 (/opt/ros/humble/share/rmw_implementation_cmake/cmake)
-- Found rmw_fastrtps_cpp: 6.2.7 (/opt/ros/humble/share/rmw_fastrtps_cpp/cmake)
-- Found OpenSSL: /usr/lib/x86_64-linux-gnu/libcrypto.so (found version "3.0.2")  
-- Found FastRTPS: /opt/ros/humble/include  
-- Using RMW implementation 'rmw_fastrtps_cpp' as default
-- Looking for pthread.h
-- Looking for pthread.h - found
-- Performing Test CMAKE_HAVE_LIBC_PTHREAD
-- Performing Test CMAKE_HAVE_LIBC_PTHREAD - Success
-- Found Threads: TRUE  
-- Found rclcpp_action: 16.0.12 (/opt/ros/humble/share/rclcpp_action/cmake)
-- Found rclcpp_components: 16.0.12 (/opt/ros/humble/share/rclcpp_components/cmake)
-- Found control_msgs: 4.8.0 (/opt/ros/humble/share/control_msgs/cmake)
-- Found ament_lint_auto: 0.12.12 (/opt/ros/humble/share/ament_lint_auto/cmake)
-- Added test 'cppcheck' to perform static code analysis on C / C++ code
-- Configured cppcheck include dirs: 
-- Configured cppcheck exclude dirs and/or files: 
-- Added test 'flake8' to check Python code syntax and style conventions
-- Added test 'lint_cmake' to check CMake code style
-- Added test 'pep257' to check Python code against some of the docstring style conventions in PEP 257
-- Added test 'uncrustify' to check C / C++ code style
-- Configured uncrustify additional arguments: 
-- Added test 'xmllint' to check XML markup files
-- Configuring done
-- Generating done
-- Build files have been written to: /home/akinsantos/minipulator_ws/build/phantomx_reactor_arm_description
[ 50%] [32mBuilding CXX object CMakeFiles/move_arm_client.dir/src/move_arm_client.cpp.o[0m
[ 50%] [32mBuilding CXX object CMakeFiles/test_protocol1.dir/src/test_protocol1.cpp.o[0m
[ 75%] [32m[1mLinking CXX executable test_protocol1[0m
[ 75%] Built target test_protocol1
[100%] [32m[1mLinking CXX executable move_arm_client[0m
[100%] Built target move_arm_client
-- Install configuration: ""
-- Installing: /home/akinsantos/minipulator_ws/install/phantomx_reactor_arm_description/share/phantomx_reactor_arm_description//config
-- Installing: /home/akinsantos/minipulator_ws/install/phantomx_reactor_arm_description/share/phantomx_reactor_arm_description//config/controllers_pincher.yaml
-- Installing: /home/akinsantos/minipulator_ws/install/phantomx_reactor_arm_description/share/phantomx_reactor_arm_description//config/initial_positions.yaml
-- Installing: /home/akinsantos/minipulator_ws/install/phantomx_reactor_arm_description/share/phantomx_reactor_arm_description//config/ninety_degrees_postion.yaml
-- Installing: /home/akinsantos/minipulator_ws/install/phantomx_reactor_arm_description/share/phantomx_reactor_arm_description//config/limit_joints.yaml
-- Installing: /home/akinsantos/minipulator_ws/install/phantomx_reactor_arm_description/share/phantomx_reactor_arm_description//config/controllers.yaml
-- Installing: /home/akinsantos/minipulator_ws/install/phantomx_reactor_arm_description/share/phantomx_reactor_arm_description//config/to_top_position.yaml
-- Installing: /home/akinsantos/minipulator_ws/install/phantomx_reactor_arm_description/share/phantomx_reactor_arm_description//config/description.rviz
-- Installing: /home/akinsantos/minipulator_ws/install/phantomx_reactor_arm_description/share/phantomx_reactor_arm_description//launch
-- Installing: /home/akinsantos/minipulator_ws/install/phantomx_reactor_arm_description/share/phantomx_reactor_arm_description//launch/phantomx_reactor_no_wrist_rviz_demo.launch
-- Installing: /home/akinsantos/minipulator_ws/install/phantomx_reactor_arm_description/share/phantomx_reactor_arm_description//launch/phantomx_reactor_wrist_rviz_demo.launch.py
-- Installing: /home/akinsantos/minipulator_ws/install/phantomx_reactor_arm_description/share/phantomx_reactor_arm_description//launch/phantomx_reactor_wrist_load_description.launch.py
-- Installing: /home/akinsantos/minipulator_ws/install/phantomx_reactor_arm_description/share/phantomx_reactor_arm_description//launch/phantomx_real_ros2.launch.py
-- Installing: /home/akinsantos/minipulator_ws/install/phantomx_reactor_arm_description/share/phantomx_reactor_arm_description//launch/phantomx_reactor_wrist_rviz_demo.launch
-- Installing: /home/akinsantos/minipulator_ws/install/phantomx_reactor_arm_description/share/phantomx_reactor_arm_description//launch/phantomx_reactor_wrist_load_description.launch
-- Installing: /home/akinsantos/minipulator_ws/install/phantomx_reactor_arm_description/share/phantomx_reactor_arm_description//launch/phantomx_pincher_ros2.launch.py
-- Installing: /home/akinsantos/minipulator_ws/install/phantomx_reactor_arm_description/share/phantomx_reactor_arm_description//launch/rviz.launch.py
-- Installing: /home/akinsantos/minipulator_ws/install/phantomx_reactor_arm_description/share/phantomx_reactor_arm_description//launch/mimic.launch.py
-- Installing: /home/akinsantos/minipulator_ws/install/phantomx_reactor_arm_description/share/phantomx_reactor_arm_description//launch/robot_description.launch.py
-- Installing: /home/akinsantos/minipulator_ws/install/phantomx_reactor_arm_description/share/phantomx_reactor_arm_description//meshes
-- Installing: /home/akinsantos/minipulator_ws/install/phantomx_reactor_arm_description/share/phantomx_reactor_arm_description//meshes/base_link_real.stl
-- Installing: /home/akinsantos/minipulator_ws/install/phantomx_reactor_arm_description/share/phantomx_reactor_arm_description//meshes/Gripper_Hand_Fixed.stl
-- Installing: /home/akinsantos/minipulator_ws/install/phantomx_reactor_arm_description/share/phantomx_reactor_arm_description//meshes/Gripper_Hand_Fixed_Centered.stl
-- Installing: /home/akinsantos/minipulator_ws/install/phantomx_reactor_arm_description/share/phantomx_reactor_arm_description//meshes/shoulder_link_hull.stl
-- Installing: /home/akinsantos/minipulator_ws/install/phantomx_reactor_arm_description/share/phantomx_reactor_arm_description//meshes/bicep_link_hull.stl
-- Installing: /home/akinsantos/minipulator_ws/install/phantomx_reactor_arm_description/share/phantomx_reactor_arm_description//meshes/forearm_link.stl
-- Installing: /home/akinsantos/minipulator_ws/install/phantomx_reactor_arm_description/share/phantomx_reactor_arm_description//meshes/Guide_Rail_Fixed_Centered.stl
-- Installing: /home/akinsantos/minipulator_ws/install/phantomx_reactor_arm_description/share/phantomx_reactor_arm_description//meshes/create_collision_mesh.mlx
-- Installing: /home/akinsantos/minipulator_ws/install/phantomx_reactor_arm_description/share/phantomx_reactor_arm_description//meshes/forearm_link_hull.stl
-- Installing: /home/akinsantos/minipulator_ws/install/phantomx_reactor_arm_description/share/phantomx_reactor_arm_description//meshes/gripper_link.stl
-- Installing: /home/akinsantos/minipulator_ws/install/phantomx_reactor_arm_description/share/phantomx_reactor_arm_description//meshes/wrist_1.stl
-- Installing: /home/akinsantos/minipulator_ws/install/phantomx_reactor_arm_description/share/phantomx_reactor_arm_description//meshes/gripper_link_hull.stl
-- Installing: /home/akinsantos/minipulator_ws/install/phantomx_reactor_arm_description/share/phantomx_reactor_arm_description//meshes/bicep_link.STL
-- Installing: /home/akinsantos/minipulator_ws/install/phantomx_reactor_arm_description/share/phantomx_reactor_arm_description//meshes/wrist_2.stl
-- Installing: /home/akinsantos/minipulator_ws/install/phantomx_reactor_arm_description/share/phantomx_reactor_arm_description//meshes/wrist_2_hull.stl
-- Installing: /home/akinsantos/minipulator_ws/install/phantomx_reactor_arm_description/share/phantomx_reactor_arm_description//meshes/base_link_hull.stl
-- Installing: /home/akinsantos/minipulator_ws/install/phantomx_reactor_arm_description/share/phantomx_reactor_arm_description//meshes/base_link.STL
-- Installing: /home/akinsantos/minipulator_ws/install/phantomx_reactor_arm_description/share/phantomx_reactor_arm_description//meshes/Guide_Rail_Fixed.stl
-- Installing: /home/akinsantos/minipulator_ws/install/phantomx_reactor_arm_description/share/phantomx_reactor_arm_description//meshes/shoulder_link.STL
-- Installing: /home/akinsantos/minipulator_ws/install/phantomx_reactor_arm_description/share/phantomx_reactor_arm_description//meshes/wrist_1_hull.stl
-- Installing: /home/akinsantos/minipulator_ws/install/phantomx_reactor_arm_description/share/phantomx_reactor_arm_description//robots
-- Installing: /home/akinsantos/minipulator_ws/install/phantomx_reactor_arm_description/share/phantomx_reactor_arm_description//robots/phantomx_reactor_arm_no_wrist.urdf.xacro
-- Installing: /home/akinsantos/minipulator_ws/install/phantomx_reactor_arm_description/share/phantomx_reactor_arm_description//robots/phantomx_reactor_arm_wrist.urdf.xacro
-- Installing: /home/akinsantos/minipulator_ws/install/phantomx_reactor_arm_description/share/phantomx_reactor_arm_description//robots/phantomx_pincher.urdf.xacro
-- Installing: /home/akinsantos/minipulator_ws/install/phantomx_reactor_arm_description/share/phantomx_reactor_arm_description//robots/phantomx_macro_test.urdf.xacro
-- Installing: /home/akinsantos/minipulator_ws/install/phantomx_reactor_arm_description/share/phantomx_reactor_arm_description//urdf
-- Installing: /home/akinsantos/minipulator_ws/install/phantomx_reactor_arm_description/share/phantomx_reactor_arm_description//urdf/phantomx_reactor_wrist_ros2_control.xacro
-- Installing: /home/akinsantos/minipulator_ws/install/phantomx_reactor_arm_description/share/phantomx_reactor_arm_description//urdf/phantomx_reactor_wrist.urdf.xacro
-- Installing: /home/akinsantos/minipulator_ws/install/phantomx_reactor_arm_description/share/phantomx_reactor_arm_description//urdf/phantomx_reactor_wrist._moveit.urdf.xacro
-- Installing: /home/akinsantos/minipulator_ws/install/phantomx_reactor_arm_description/share/phantomx_reactor_arm_description//urdf/phantomx_pincher_ros2.xacro
-- Installing: /home/akinsantos/minipulator_ws/install/phantomx_reactor_arm_description/share/phantomx_reactor_arm_description//urdf/phantomx_test.urdf.xacro
-- Installing: /home/akinsantos/minipulator_ws/install/phantomx_reactor_arm_description/share/phantomx_reactor_arm_description//urdf/gazebo.urdf.xacro
-- Installing: /home/akinsantos/minipulator_ws/install/phantomx_reactor_arm_description/share/phantomx_reactor_arm_description//urdf/phantomx_pincher.urdf.xacro
-- Installing: /home/akinsantos/minipulator_ws/install/phantomx_reactor_arm_description/share/phantomx_reactor_arm_description//urdf/phantomx_reactor_no_wrist.urdf.xacro
-- Installing: /home/akinsantos/minipulator_ws/install/phantomx_reactor_arm_description/share/phantomx_reactor_arm_description//src
-- Installing: /home/akinsantos/minipulator_ws/install/phantomx_reactor_arm_description/share/phantomx_reactor_arm_description//src/test_protocol1.cpp
-- Installing: /home/akinsantos/minipulator_ws/install/phantomx_reactor_arm_description/share/phantomx_reactor_arm_description//src/security_node.cpp
-- Installing: /home/akinsantos/minipulator_ws/install/phantomx_reactor_arm_description/share/phantomx_reactor_arm_description//src/move_arm_client.cpp
-- Installing: /home/akinsantos/minipulator_ws/install/phantomx_reactor_arm_description/share/phantomx_reactor_arm_description//scripts
-- Installing: /home/akinsantos/minipulator_ws/install/phantomx_reactor_arm_description/share/phantomx_reactor_arm_description//scripts/mimic_controler.py
-- Installing: /home/akinsantos/minipulator_ws/install/phantomx_reactor_arm_description/share/phantomx_reactor_arm_description/move_arm_client
-- Set runtime path of "/home/akinsantos/minipulator_ws/install/phantomx_reactor_arm_description/share/phantomx_reactor_arm_description/move_arm_client" to ""
-- Installing: /home/akinsantos/minipulator_ws/install/phantomx_reactor_arm_description/share/ament_index/resource_index/package_run_dependencies/phantomx_reactor_arm_description
-- Installing: /home/akinsantos/minipulator_ws/install/phantomx_reactor_arm_description/share/ament_index/resource_index/parent_prefix_path/phantomx_reactor_arm_description
-- Installing: /home/akinsantos/minipulator_ws/install/phantomx_reactor_arm_description/share/phantomx_reactor_arm_description/environment/ament_prefix_path.sh
-- Installing: /home/akinsantos/minipulator_ws/install/phantomx_reactor_arm_description/share/phantomx_reactor_arm_description/environment/ament_prefix_path.dsv
-- Installing: /home/akinsantos/minipulator_ws/install/phantomx_reactor_arm_description/share/phantomx_reactor_arm_description/environment/path.sh
-- Installing: /home/akinsantos/minipulator_ws/install/phantomx_reactor_arm_description/share/phantomx_reactor_arm_description/environment/path.dsv
-- Installing: /home/akinsantos/minipulator_ws/install/phantomx_reactor_arm_description/share/phantomx_reactor_arm_description/local_setup.bash
-- Installing: /home/akinsantos/minipulator_ws/install/phantomx_reactor_arm_description/share/phantomx_reactor_arm_description/local_setup.sh
-- Installing: /home/akinsantos/minipulator_ws/install/phantomx_reactor_arm_description/share/phantomx_reactor_arm_description/local_setup.zsh
-- Installing: /home/akinsantos/minipulator_ws/install/phantomx_reactor_arm_description/share/phantomx_reactor_arm_description/local_setup.dsv
-- Installing: /home/akinsantos/minipulator_ws/install/phantomx_reactor_arm_description/share/phantomx_reactor_arm_description/package.dsv
-- Installing: /home/akinsantos/minipulator_ws/install/phantomx_reactor_arm_description/share/ament_index/resource_index/packages/phantomx_reactor_arm_description
-- Installing: /home/akinsantos/minipulator_ws/install/phantomx_reactor_arm_description/share/phantomx_reactor_arm_description/cmake/phantomx_reactor_arm_descriptionConfig.cmake
-- Installing: /home/akinsantos/minipulator_ws/install/phantomx_reactor_arm_description/share/phantomx_reactor_arm_description/cmake/phantomx_reactor_arm_descriptionConfig-version.cmake
-- Installing: /home/akinsantos/minipulator_ws/install/phantomx_reactor_arm_description/share/phantomx_reactor_arm_description/package.xml
