[0.020s] Invoking command in '/home/akinsantos/minipulator_ws/build/phantomx_reactor_arm_description': CMAKE_PREFIX_PATH=${CMAKE_PREFIX_PATH}:/home/akinsantos/ws_moveit/install/moveit_configs_utils:/home/akinsantos/ws_moveit/install/launch_param_builder:/opt/ros/humble /usr/bin/cmake /home/akinsantos/minipulator_ws/src/phantomx_reactor_arm_description -DCMAKE_INSTALL_PREFIX=/home/akinsantos/minipulator_ws/install/phantomx_reactor_arm_description
[0.341s] -- The C compiler identification is GNU 11.4.0
[0.583s] -- The CXX compiler identification is GNU 11.4.0
[0.590s] -- Detecting C compiler ABI info
[0.665s] -- Detecting C compiler ABI info - done
[0.670s] -- Check for working C compiler: /usr/bin/cc - skipped
[0.671s] -- Detecting C compile features
[0.671s] -- Detecting C compile features - done
[0.674s] -- Detecting CXX compiler ABI info
[0.748s] -- Detecting CXX compiler ABI info - done
[0.753s] -- Check for working CXX compiler: /usr/bin/c++ - skipped
[0.754s] -- Detecting CXX compile features
[0.754s] -- Detecting CXX compile features - done
[0.759s] -- Found ament_cmake: 1.3.11 (/opt/ros/humble/share/ament_cmake/cmake)
[0.890s] -- Found Python3: /usr/bin/python3 (found version "3.10.12") found components: Interpreter 
[1.006s] -- Found dynamixel_sdk: 3.8.3 (/opt/ros/humble/share/dynamixel_sdk/cmake)
[1.012s] -- Found rclcpp: 16.0.12 (/opt/ros/humble/share/rclcpp/cmake)
[1.086s] -- Found rosidl_generator_c: 3.1.6 (/opt/ros/humble/share/rosidl_generator_c/cmake)
[1.095s] -- Found rosidl_adapter: 3.1.6 (/opt/ros/humble/share/rosidl_adapter/cmake)
[1.108s] -- Found rosidl_generator_cpp: 3.1.6 (/opt/ros/humble/share/rosidl_generator_cpp/cmake)
[1.128s] -- Using all available rosidl_typesupport_c: rosidl_typesupport_fastrtps_c;rosidl_typesupport_introspection_c
[1.151s] -- Using all available rosidl_typesupport_cpp: rosidl_typesupport_fastrtps_cpp;rosidl_typesupport_introspection_cpp
[1.239s] -- Found rmw_implementation_cmake: 6.1.2 (/opt/ros/humble/share/rmw_implementation_cmake/cmake)
[1.247s] -- Found rmw_fastrtps_cpp: 6.2.7 (/opt/ros/humble/share/rmw_fastrtps_cpp/cmake)
[1.365s] -- Found OpenSSL: /usr/lib/x86_64-linux-gnu/libcrypto.so (found version "3.0.2")  
[1.392s] -- Found FastRTPS: /opt/ros/humble/include  
[1.433s] -- Using RMW implementation 'rmw_fastrtps_cpp' as default
[1.452s] -- Looking for pthread.h
[1.522s] -- Looking for pthread.h - found
[1.522s] -- Performing Test CMAKE_HAVE_LIBC_PTHREAD
[1.592s] -- Performing Test CMAKE_HAVE_LIBC_PTHREAD - Success
[1.592s] -- Found Threads: TRUE  
[1.665s] -- Found rclcpp_action: 16.0.12 (/opt/ros/humble/share/rclcpp_action/cmake)
[1.719s] -- Found rclcpp_components: 16.0.12 (/opt/ros/humble/share/rclcpp_components/cmake)
[1.770s] -- Found control_msgs: 4.8.0 (/opt/ros/humble/share/control_msgs/cmake)
[1.901s] -- Found ament_lint_auto: 0.12.12 (/opt/ros/humble/share/ament_lint_auto/cmake)
[1.986s] -- Added test 'cppcheck' to perform static code analysis on C / C++ code
[1.986s] -- Configured cppcheck include dirs: 
[1.986s] -- Configured cppcheck exclude dirs and/or files: 
[1.987s] -- Added test 'flake8' to check Python code syntax and style conventions
[1.988s] -- Added test 'lint_cmake' to check CMake code style
[1.989s] -- Added test 'pep257' to check Python code against some of the docstring style conventions in PEP 257
[1.991s] -- Added test 'uncrustify' to check C / C++ code style
[1.991s] -- Configured uncrustify additional arguments: 
[1.992s] -- Added test 'xmllint' to check XML markup files
[1.993s] -- Configuring done
[2.003s] -- Generating done
[2.006s] -- Build files have been written to: /home/akinsantos/minipulator_ws/build/phantomx_reactor_arm_description
[2.015s] Invoked command in '/home/akinsantos/minipulator_ws/build/phantomx_reactor_arm_description' returned '0': CMAKE_PREFIX_PATH=${CMAKE_PREFIX_PATH}:/home/akinsantos/ws_moveit/install/moveit_configs_utils:/home/akinsantos/ws_moveit/install/launch_param_builder:/opt/ros/humble /usr/bin/cmake /home/akinsantos/minipulator_ws/src/phantomx_reactor_arm_description -DCMAKE_INSTALL_PREFIX=/home/akinsantos/minipulator_ws/install/phantomx_reactor_arm_description
[2.016s] Invoking command in '/home/akinsantos/minipulator_ws/build/phantomx_reactor_arm_description': CMAKE_PREFIX_PATH=${CMAKE_PREFIX_PATH}:/home/akinsantos/ws_moveit/install/moveit_configs_utils:/home/akinsantos/ws_moveit/install/launch_param_builder:/opt/ros/humble /usr/bin/cmake --build /home/akinsantos/minipulator_ws/build/phantomx_reactor_arm_description -- -j8 -l8
[2.066s] [ 50%] [32mBuilding CXX object CMakeFiles/move_arm_client.dir/src/move_arm_client.cpp.o[0m
[2.066s] [ 50%] [32mBuilding CXX object CMakeFiles/test_protocol1.dir/src/test_protocol1.cpp.o[0m
[2.278s] [ 75%] [32m[1mLinking CXX executable test_protocol1[0m
[2.340s] [ 75%] Built target test_protocol1
[6.176s] [100%] [32m[1mLinking CXX executable move_arm_client[0m
[6.579s] [100%] Built target move_arm_client
[6.612s] Invoked command in '/home/akinsantos/minipulator_ws/build/phantomx_reactor_arm_description' returned '0': CMAKE_PREFIX_PATH=${CMAKE_PREFIX_PATH}:/home/akinsantos/ws_moveit/install/moveit_configs_utils:/home/akinsantos/ws_moveit/install/launch_param_builder:/opt/ros/humble /usr/bin/cmake --build /home/akinsantos/minipulator_ws/build/phantomx_reactor_arm_description -- -j8 -l8
[6.613s] Invoking command in '/home/akinsantos/minipulator_ws/build/phantomx_reactor_arm_description': CMAKE_PREFIX_PATH=${CMAKE_PREFIX_PATH}:/home/akinsantos/ws_moveit/install/moveit_configs_utils:/home/akinsantos/ws_moveit/install/launch_param_builder:/opt/ros/humble /usr/bin/cmake --install /home/akinsantos/minipulator_ws/build/phantomx_reactor_arm_description
[6.623s] -- Install configuration: ""
[6.623s] -- Installing: /home/akinsantos/minipulator_ws/install/phantomx_reactor_arm_description/share/phantomx_reactor_arm_description//config
[6.624s] -- Installing: /home/akinsantos/minipulator_ws/install/phantomx_reactor_arm_description/share/phantomx_reactor_arm_description//config/controllers_pincher.yaml
[6.625s] -- Installing: /home/akinsantos/minipulator_ws/install/phantomx_reactor_arm_description/share/phantomx_reactor_arm_description//config/initial_positions.yaml
[6.625s] -- Installing: /home/akinsantos/minipulator_ws/install/phantomx_reactor_arm_description/share/phantomx_reactor_arm_description//config/ninety_degrees_postion.yaml
[6.625s] -- Installing: /home/akinsantos/minipulator_ws/install/phantomx_reactor_arm_description/share/phantomx_reactor_arm_description//config/limit_joints.yaml
[6.625s] -- Installing: /home/akinsantos/minipulator_ws/install/phantomx_reactor_arm_description/share/phantomx_reactor_arm_description//config/controllers.yaml
[6.626s] -- Installing: /home/akinsantos/minipulator_ws/install/phantomx_reactor_arm_description/share/phantomx_reactor_arm_description//config/to_top_position.yaml
[6.626s] -- Installing: /home/akinsantos/minipulator_ws/install/phantomx_reactor_arm_description/share/phantomx_reactor_arm_description//config/description.rviz
[6.626s] -- Installing: /home/akinsantos/minipulator_ws/install/phantomx_reactor_arm_description/share/phantomx_reactor_arm_description//launch
[6.626s] -- Installing: /home/akinsantos/minipulator_ws/install/phantomx_reactor_arm_description/share/phantomx_reactor_arm_description//launch/phantomx_reactor_no_wrist_rviz_demo.launch
[6.627s] -- Installing: /home/akinsantos/minipulator_ws/install/phantomx_reactor_arm_description/share/phantomx_reactor_arm_description//launch/phantomx_reactor_wrist_rviz_demo.launch.py
[6.627s] -- Installing: /home/akinsantos/minipulator_ws/install/phantomx_reactor_arm_description/share/phantomx_reactor_arm_description//launch/phantomx_reactor_wrist_load_description.launch.py
[6.627s] -- Installing: /home/akinsantos/minipulator_ws/install/phantomx_reactor_arm_description/share/phantomx_reactor_arm_description//launch/phantomx_real_ros2.launch.py
[6.627s] -- Installing: /home/akinsantos/minipulator_ws/install/phantomx_reactor_arm_description/share/phantomx_reactor_arm_description//launch/phantomx_reactor_wrist_rviz_demo.launch
[6.627s] -- Installing: /home/akinsantos/minipulator_ws/install/phantomx_reactor_arm_description/share/phantomx_reactor_arm_description//launch/phantomx_reactor_wrist_load_description.launch
[6.631s] -- Installing: /home/akinsantos/minipulator_ws/install/phantomx_reactor_arm_description/share/phantomx_reactor_arm_description//launch/phantomx_pincher_ros2.launch.py
[6.631s] -- Installing: /home/akinsantos/minipulator_ws/install/phantomx_reactor_arm_description/share/phantomx_reactor_arm_description//launch/rviz.launch.py
[6.631s] -- Installing: /home/akinsantos/minipulator_ws/install/phantomx_reactor_arm_description/share/phantomx_reactor_arm_description//launch/mimic.launch.py
[6.631s] -- Installing: /home/akinsantos/minipulator_ws/install/phantomx_reactor_arm_description/share/phantomx_reactor_arm_description//launch/robot_description.launch.py
[6.631s] -- Installing: /home/akinsantos/minipulator_ws/install/phantomx_reactor_arm_description/share/phantomx_reactor_arm_description//meshes
[6.631s] -- Installing: /home/akinsantos/minipulator_ws/install/phantomx_reactor_arm_description/share/phantomx_reactor_arm_description//meshes/base_link_real.stl
[6.667s] -- Installing: /home/akinsantos/minipulator_ws/install/phantomx_reactor_arm_description/share/phantomx_reactor_arm_description//meshes/Gripper_Hand_Fixed.stl
[6.667s] -- Installing: /home/akinsantos/minipulator_ws/install/phantomx_reactor_arm_description/share/phantomx_reactor_arm_description//meshes/Gripper_Hand_Fixed_Centered.stl
[6.667s] -- Installing: /home/akinsantos/minipulator_ws/install/phantomx_reactor_arm_description/share/phantomx_reactor_arm_description//meshes/shoulder_link_hull.stl
[6.667s] -- Installing: /home/akinsantos/minipulator_ws/install/phantomx_reactor_arm_description/share/phantomx_reactor_arm_description//meshes/bicep_link_hull.stl
[6.667s] -- Installing: /home/akinsantos/minipulator_ws/install/phantomx_reactor_arm_description/share/phantomx_reactor_arm_description//meshes/forearm_link.stl
[6.707s] -- Installing: /home/akinsantos/minipulator_ws/install/phantomx_reactor_arm_description/share/phantomx_reactor_arm_description//meshes/Guide_Rail_Fixed_Centered.stl
[6.707s] -- Installing: /home/akinsantos/minipulator_ws/install/phantomx_reactor_arm_description/share/phantomx_reactor_arm_description//meshes/create_collision_mesh.mlx
[6.708s] -- Installing: /home/akinsantos/minipulator_ws/install/phantomx_reactor_arm_description/share/phantomx_reactor_arm_description//meshes/forearm_link_hull.stl
[6.709s] -- Installing: /home/akinsantos/minipulator_ws/install/phantomx_reactor_arm_description/share/phantomx_reactor_arm_description//meshes/gripper_link.stl
[6.710s] -- Installing: /home/akinsantos/minipulator_ws/install/phantomx_reactor_arm_description/share/phantomx_reactor_arm_description//meshes/wrist_1.stl
[6.737s] -- Installing: /home/akinsantos/minipulator_ws/install/phantomx_reactor_arm_description/share/phantomx_reactor_arm_description//meshes/gripper_link_hull.stl
[6.737s] -- Installing: /home/akinsantos/minipulator_ws/install/phantomx_reactor_arm_description/share/phantomx_reactor_arm_description//meshes/bicep_link.STL
[6.795s] -- Installing: /home/akinsantos/minipulator_ws/install/phantomx_reactor_arm_description/share/phantomx_reactor_arm_description//meshes/wrist_2.stl
[6.805s] -- Installing: /home/akinsantos/minipulator_ws/install/phantomx_reactor_arm_description/share/phantomx_reactor_arm_description//meshes/wrist_2_hull.stl
[6.805s] -- Installing: /home/akinsantos/minipulator_ws/install/phantomx_reactor_arm_description/share/phantomx_reactor_arm_description//meshes/base_link_hull.stl
[6.806s] -- Installing: /home/akinsantos/minipulator_ws/install/phantomx_reactor_arm_description/share/phantomx_reactor_arm_description//meshes/base_link.STL
[6.808s] -- Installing: /home/akinsantos/minipulator_ws/install/phantomx_reactor_arm_description/share/phantomx_reactor_arm_description//meshes/Guide_Rail_Fixed.stl
[6.811s] -- Installing: /home/akinsantos/minipulator_ws/install/phantomx_reactor_arm_description/share/phantomx_reactor_arm_description//meshes/shoulder_link.STL
[6.825s] -- Installing: /home/akinsantos/minipulator_ws/install/phantomx_reactor_arm_description/share/phantomx_reactor_arm_description//meshes/wrist_1_hull.stl
[6.825s] -- Installing: /home/akinsantos/minipulator_ws/install/phantomx_reactor_arm_description/share/phantomx_reactor_arm_description//robots
[6.825s] -- Installing: /home/akinsantos/minipulator_ws/install/phantomx_reactor_arm_description/share/phantomx_reactor_arm_description//robots/phantomx_reactor_arm_no_wrist.urdf.xacro
[6.825s] -- Installing: /home/akinsantos/minipulator_ws/install/phantomx_reactor_arm_description/share/phantomx_reactor_arm_description//robots/phantomx_reactor_arm_wrist.urdf.xacro
[6.826s] -- Installing: /home/akinsantos/minipulator_ws/install/phantomx_reactor_arm_description/share/phantomx_reactor_arm_description//robots/phantomx_pincher.urdf.xacro
[6.826s] -- Installing: /home/akinsantos/minipulator_ws/install/phantomx_reactor_arm_description/share/phantomx_reactor_arm_description//robots/phantomx_macro_test.urdf.xacro
[6.826s] -- Installing: /home/akinsantos/minipulator_ws/install/phantomx_reactor_arm_description/share/phantomx_reactor_arm_description//urdf
[6.827s] -- Installing: /home/akinsantos/minipulator_ws/install/phantomx_reactor_arm_description/share/phantomx_reactor_arm_description//urdf/phantomx_reactor_wrist_ros2_control.xacro
[6.827s] -- Installing: /home/akinsantos/minipulator_ws/install/phantomx_reactor_arm_description/share/phantomx_reactor_arm_description//urdf/phantomx_reactor_wrist.urdf.xacro
[6.833s] -- Installing: /home/akinsantos/minipulator_ws/install/phantomx_reactor_arm_description/share/phantomx_reactor_arm_description//urdf/phantomx_reactor_wrist._moveit.urdf.xacro
[6.833s] -- Installing: /home/akinsantos/minipulator_ws/install/phantomx_reactor_arm_description/share/phantomx_reactor_arm_description//urdf/phantomx_pincher_ros2.xacro
[6.833s] -- Installing: /home/akinsantos/minipulator_ws/install/phantomx_reactor_arm_description/share/phantomx_reactor_arm_description//urdf/phantomx_test.urdf.xacro
[6.833s] -- Installing: /home/akinsantos/minipulator_ws/install/phantomx_reactor_arm_description/share/phantomx_reactor_arm_description//urdf/gazebo.urdf.xacro
[6.833s] -- Installing: /home/akinsantos/minipulator_ws/install/phantomx_reactor_arm_description/share/phantomx_reactor_arm_description//urdf/phantomx_pincher.urdf.xacro
[6.833s] -- Installing: /home/akinsantos/minipulator_ws/install/phantomx_reactor_arm_description/share/phantomx_reactor_arm_description//urdf/phantomx_reactor_no_wrist.urdf.xacro
[6.833s] -- Installing: /home/akinsantos/minipulator_ws/install/phantomx_reactor_arm_description/share/phantomx_reactor_arm_description//src
[6.833s] -- Installing: /home/akinsantos/minipulator_ws/install/phantomx_reactor_arm_description/share/phantomx_reactor_arm_description//src/test_protocol1.cpp
[6.833s] -- Installing: /home/akinsantos/minipulator_ws/install/phantomx_reactor_arm_description/share/phantomx_reactor_arm_description//src/security_node.cpp
[6.833s] -- Installing: /home/akinsantos/minipulator_ws/install/phantomx_reactor_arm_description/share/phantomx_reactor_arm_description//src/move_arm_client.cpp
[6.833s] -- Installing: /home/akinsantos/minipulator_ws/install/phantomx_reactor_arm_description/share/phantomx_reactor_arm_description//scripts
[6.833s] -- Installing: /home/akinsantos/minipulator_ws/install/phantomx_reactor_arm_description/share/phantomx_reactor_arm_description//scripts/mimic_controler.py
[6.833s] -- Installing: /home/akinsantos/minipulator_ws/install/phantomx_reactor_arm_description/share/phantomx_reactor_arm_description/move_arm_client
[6.833s] -- Set runtime path of "/home/akinsantos/minipulator_ws/install/phantomx_reactor_arm_description/share/phantomx_reactor_arm_description/move_arm_client" to ""
[6.834s] -- Installing: /home/akinsantos/minipulator_ws/install/phantomx_reactor_arm_description/share/ament_index/resource_index/package_run_dependencies/phantomx_reactor_arm_description
[6.834s] -- Installing: /home/akinsantos/minipulator_ws/install/phantomx_reactor_arm_description/share/ament_index/resource_index/parent_prefix_path/phantomx_reactor_arm_description
[6.834s] -- Installing: /home/akinsantos/minipulator_ws/install/phantomx_reactor_arm_description/share/phantomx_reactor_arm_description/environment/ament_prefix_path.sh
[6.834s] -- Installing: /home/akinsantos/minipulator_ws/install/phantomx_reactor_arm_description/share/phantomx_reactor_arm_description/environment/ament_prefix_path.dsv
[6.834s] -- Installing: /home/akinsantos/minipulator_ws/install/phantomx_reactor_arm_description/share/phantomx_reactor_arm_description/environment/path.sh
[6.834s] -- Installing: /home/akinsantos/minipulator_ws/install/phantomx_reactor_arm_description/share/phantomx_reactor_arm_description/environment/path.dsv
[6.834s] -- Installing: /home/akinsantos/minipulator_ws/install/phantomx_reactor_arm_description/share/phantomx_reactor_arm_description/local_setup.bash
[6.834s] -- Installing: /home/akinsantos/minipulator_ws/install/phantomx_reactor_arm_description/share/phantomx_reactor_arm_description/local_setup.sh
[6.834s] -- Installing: /home/akinsantos/minipulator_ws/install/phantomx_reactor_arm_description/share/phantomx_reactor_arm_description/local_setup.zsh
[6.836s] -- Installing: /home/akinsantos/minipulator_ws/install/phantomx_reactor_arm_description/share/phantomx_reactor_arm_description/local_setup.dsv
[6.837s] -- Installing: /home/akinsantos/minipulator_ws/install/phantomx_reactor_arm_description/share/phantomx_reactor_arm_description/package.dsv
[6.838s] -- Installing: /home/akinsantos/minipulator_ws/install/phantomx_reactor_arm_description/share/ament_index/resource_index/packages/phantomx_reactor_arm_description
[6.838s] -- Installing: /home/akinsantos/minipulator_ws/install/phantomx_reactor_arm_description/share/phantomx_reactor_arm_description/cmake/phantomx_reactor_arm_descriptionConfig.cmake
[6.838s] -- Installing: /home/akinsantos/minipulator_ws/install/phantomx_reactor_arm_description/share/phantomx_reactor_arm_description/cmake/phantomx_reactor_arm_descriptionConfig-version.cmake
[6.838s] -- Installing: /home/akinsantos/minipulator_ws/install/phantomx_reactor_arm_description/share/phantomx_reactor_arm_description/package.xml
[6.838s] Invoked command in '/home/akinsantos/minipulator_ws/build/phantomx_reactor_arm_description' returned '0': CMAKE_PREFIX_PATH=${CMAKE_PREFIX_PATH}:/home/akinsantos/ws_moveit/install/moveit_configs_utils:/home/akinsantos/ws_moveit/install/launch_param_builder:/opt/ros/humble /usr/bin/cmake --install /home/akinsantos/minipulator_ws/build/phantomx_reactor_arm_description
