[ 50%] Built target test_protocol1
[100%] Built target move_arm_client
-- Install configuration: ""
-- Up-to-date: /home/akinsantos/minipulator_ws/install/phantomx_reactor_arm_description/share/phantomx_reactor_arm_description//config
-- Up-to-date: /home/akinsantos/minipulator_ws/install/phantomx_reactor_arm_description/share/phantomx_reactor_arm_description//config/controllers_pincher.yaml
-- Up-to-date: /home/akinsantos/minipulator_ws/install/phantomx_reactor_arm_description/share/phantomx_reactor_arm_description//config/initial_positions.yaml
-- Up-to-date: /home/akinsantos/minipulator_ws/install/phantomx_reactor_arm_description/share/phantomx_reactor_arm_description//config/ninety_degrees_postion.yaml
-- Up-to-date: /home/akinsantos/minipulator_ws/install/phantomx_reactor_arm_description/share/phantomx_reactor_arm_description//config/limit_joints.yaml
-- Up-to-date: /home/akinsantos/minipulator_ws/install/phantomx_reactor_arm_description/share/phantomx_reactor_arm_description//config/controllers.yaml
-- Up-to-date: /home/akinsantos/minipulator_ws/install/phantomx_reactor_arm_description/share/phantomx_reactor_arm_description//config/to_top_position.yaml
-- Up-to-date: /home/akinsantos/minipulator_ws/install/phantomx_reactor_arm_description/share/phantomx_reactor_arm_description//config/description.rviz
-- Up-to-date: /home/akinsantos/minipulator_ws/install/phantomx_reactor_arm_description/share/phantomx_reactor_arm_description//launch
-- Up-to-date: /home/akinsantos/minipulator_ws/install/phantomx_reactor_arm_description/share/phantomx_reactor_arm_description//launch/phantomx_reactor_no_wrist_rviz_demo.launch
-- Up-to-date: /home/akinsantos/minipulator_ws/install/phantomx_reactor_arm_description/share/phantomx_reactor_arm_description//launch/phantomx_reactor_wrist_rviz_demo.launch.py
-- Up-to-date: /home/akinsantos/minipulator_ws/install/phantomx_reactor_arm_description/share/phantomx_reactor_arm_description//launch/phantomx_reactor_wrist_load_description.launch.py
-- Up-to-date: /home/akinsantos/minipulator_ws/install/phantomx_reactor_arm_description/share/phantomx_reactor_arm_description//launch/phantomx_real_ros2.launch.py
-- Up-to-date: /home/akinsantos/minipulator_ws/install/phantomx_reactor_arm_description/share/phantomx_reactor_arm_description//launch/phantomx_reactor_wrist_rviz_demo.launch
-- Up-to-date: /home/akinsantos/minipulator_ws/install/phantomx_reactor_arm_description/share/phantomx_reactor_arm_description//launch/phantomx_reactor_wrist_load_description.launch
-- Up-to-date: /home/akinsantos/minipulator_ws/install/phantomx_reactor_arm_description/share/phantomx_reactor_arm_description//launch/phantomx_pincher_ros2.launch.py
-- Up-to-date: /home/akinsantos/minipulator_ws/install/phantomx_reactor_arm_description/share/phantomx_reactor_arm_description//launch/rviz.launch.py
-- Up-to-date: /home/akinsantos/minipulator_ws/install/phantomx_reactor_arm_description/share/phantomx_reactor_arm_description//launch/mimic.launch.py
-- Up-to-date: /home/akinsantos/minipulator_ws/install/phantomx_reactor_arm_description/share/phantomx_reactor_arm_description//launch/robot_description.launch.py
-- Up-to-date: /home/akinsantos/minipulator_ws/install/phantomx_reactor_arm_description/share/phantomx_reactor_arm_description//meshes
-- Up-to-date: /home/akinsantos/minipulator_ws/install/phantomx_reactor_arm_description/share/phantomx_reactor_arm_description//meshes/base_link_real.stl
-- Up-to-date: /home/akinsantos/minipulator_ws/install/phantomx_reactor_arm_description/share/phantomx_reactor_arm_description//meshes/Gripper_Hand_Fixed.stl
-- Up-to-date: /home/akinsantos/minipulator_ws/install/phantomx_reactor_arm_description/share/phantomx_reactor_arm_description//meshes/Gripper_Hand_Fixed_Centered.stl
-- Up-to-date: /home/akinsantos/minipulator_ws/install/phantomx_reactor_arm_description/share/phantomx_reactor_arm_description//meshes/shoulder_link_hull.stl
-- Up-to-date: /home/akinsantos/minipulator_ws/install/phantomx_reactor_arm_description/share/phantomx_reactor_arm_description//meshes/bicep_link_hull.stl
-- Up-to-date: /home/akinsantos/minipulator_ws/install/phantomx_reactor_arm_description/share/phantomx_reactor_arm_description//meshes/forearm_link.stl
-- Up-to-date: /home/akinsantos/minipulator_ws/install/phantomx_reactor_arm_description/share/phantomx_reactor_arm_description//meshes/Guide_Rail_Fixed_Centered.stl
-- Up-to-date: /home/akinsantos/minipulator_ws/install/phantomx_reactor_arm_description/share/phantomx_reactor_arm_description//meshes/create_collision_mesh.mlx
-- Up-to-date: /home/akinsantos/minipulator_ws/install/phantomx_reactor_arm_description/share/phantomx_reactor_arm_description//meshes/forearm_link_hull.stl
-- Up-to-date: /home/akinsantos/minipulator_ws/install/phantomx_reactor_arm_description/share/phantomx_reactor_arm_description//meshes/gripper_link.stl
-- Up-to-date: /home/akinsantos/minipulator_ws/install/phantomx_reactor_arm_description/share/phantomx_reactor_arm_description//meshes/wrist_1.stl
-- Up-to-date: /home/akinsantos/minipulator_ws/install/phantomx_reactor_arm_description/share/phantomx_reactor_arm_description//meshes/gripper_link_hull.stl
-- Up-to-date: /home/akinsantos/minipulator_ws/install/phantomx_reactor_arm_description/share/phantomx_reactor_arm_description//meshes/bicep_link.STL
-- Up-to-date: /home/akinsantos/minipulator_ws/install/phantomx_reactor_arm_description/share/phantomx_reactor_arm_description//meshes/wrist_2.stl
-- Up-to-date: /home/akinsantos/minipulator_ws/install/phantomx_reactor_arm_description/share/phantomx_reactor_arm_description//meshes/wrist_2_hull.stl
-- Up-to-date: /home/akinsantos/minipulator_ws/install/phantomx_reactor_arm_description/share/phantomx_reactor_arm_description//meshes/base_link_hull.stl
-- Up-to-date: /home/akinsantos/minipulator_ws/install/phantomx_reactor_arm_description/share/phantomx_reactor_arm_description//meshes/base_link.STL
-- Up-to-date: /home/akinsantos/minipulator_ws/install/phantomx_reactor_arm_description/share/phantomx_reactor_arm_description//meshes/Guide_Rail_Fixed.stl
-- Up-to-date: /home/akinsantos/minipulator_ws/install/phantomx_reactor_arm_description/share/phantomx_reactor_arm_description//meshes/shoulder_link.STL
-- Up-to-date: /home/akinsantos/minipulator_ws/install/phantomx_reactor_arm_description/share/phantomx_reactor_arm_description//meshes/wrist_1_hull.stl
-- Up-to-date: /home/akinsantos/minipulator_ws/install/phantomx_reactor_arm_description/share/phantomx_reactor_arm_description//robots
-- Up-to-date: /home/akinsantos/minipulator_ws/install/phantomx_reactor_arm_description/share/phantomx_reactor_arm_description//robots/phantomx_reactor_arm_no_wrist.urdf.xacro
-- Up-to-date: /home/akinsantos/minipulator_ws/install/phantomx_reactor_arm_description/share/phantomx_reactor_arm_description//robots/phantomx_reactor_arm_wrist.urdf.xacro
-- Up-to-date: /home/akinsantos/minipulator_ws/install/phantomx_reactor_arm_description/share/phantomx_reactor_arm_description//robots/phantomx_pincher.urdf.xacro
-- Up-to-date: /home/akinsantos/minipulator_ws/install/phantomx_reactor_arm_description/share/phantomx_reactor_arm_description//robots/phantomx_macro_test.urdf.xacro
-- Up-to-date: /home/akinsantos/minipulator_ws/install/phantomx_reactor_arm_description/share/phantomx_reactor_arm_description//urdf
-- Up-to-date: /home/akinsantos/minipulator_ws/install/phantomx_reactor_arm_description/share/phantomx_reactor_arm_description//urdf/phantomx_reactor_wrist_ros2_control.xacro
-- Up-to-date: /home/akinsantos/minipulator_ws/install/phantomx_reactor_arm_description/share/phantomx_reactor_arm_description//urdf/phantomx_reactor_wrist.urdf.xacro
-- Up-to-date: /home/akinsantos/minipulator_ws/install/phantomx_reactor_arm_description/share/phantomx_reactor_arm_description//urdf/phantomx_reactor_wrist._moveit.urdf.xacro
-- Up-to-date: /home/akinsantos/minipulator_ws/install/phantomx_reactor_arm_description/share/phantomx_reactor_arm_description//urdf/phantomx_pincher_ros2.xacro
-- Up-to-date: /home/akinsantos/minipulator_ws/install/phantomx_reactor_arm_description/share/phantomx_reactor_arm_description//urdf/phantomx_test.urdf.xacro
-- Up-to-date: /home/akinsantos/minipulator_ws/install/phantomx_reactor_arm_description/share/phantomx_reactor_arm_description//urdf/gazebo.urdf.xacro
-- Up-to-date: /home/akinsantos/minipulator_ws/install/phantomx_reactor_arm_description/share/phantomx_reactor_arm_description//urdf/phantomx_pincher.urdf.xacro
-- Up-to-date: /home/akinsantos/minipulator_ws/install/phantomx_reactor_arm_description/share/phantomx_reactor_arm_description//urdf/phantomx_reactor_no_wrist.urdf.xacro
-- Up-to-date: /home/akinsantos/minipulator_ws/install/phantomx_reactor_arm_description/share/phantomx_reactor_arm_description//src
-- Up-to-date: /home/akinsantos/minipulator_ws/install/phantomx_reactor_arm_description/share/phantomx_reactor_arm_description//src/test_protocol1.cpp
-- Up-to-date: /home/akinsantos/minipulator_ws/install/phantomx_reactor_arm_description/share/phantomx_reactor_arm_description//src/security_node.cpp
-- Up-to-date: /home/akinsantos/minipulator_ws/install/phantomx_reactor_arm_description/share/phantomx_reactor_arm_description//src/move_arm_client.cpp
-- Up-to-date: /home/akinsantos/minipulator_ws/install/phantomx_reactor_arm_description/share/phantomx_reactor_arm_description//scripts
-- Up-to-date: /home/akinsantos/minipulator_ws/install/phantomx_reactor_arm_description/share/phantomx_reactor_arm_description//scripts/mimic_controler.py
-- Up-to-date: /home/akinsantos/minipulator_ws/install/phantomx_reactor_arm_description/share/phantomx_reactor_arm_description/move_arm_client
-- Up-to-date: /home/akinsantos/minipulator_ws/install/phantomx_reactor_arm_description/share/ament_index/resource_index/package_run_dependencies/phantomx_reactor_arm_description
-- Up-to-date: /home/akinsantos/minipulator_ws/install/phantomx_reactor_arm_description/share/ament_index/resource_index/parent_prefix_path/phantomx_reactor_arm_description
-- Up-to-date: /home/akinsantos/minipulator_ws/install/phantomx_reactor_arm_description/share/phantomx_reactor_arm_description/environment/ament_prefix_path.sh
-- Up-to-date: /home/akinsantos/minipulator_ws/install/phantomx_reactor_arm_description/share/phantomx_reactor_arm_description/environment/ament_prefix_path.dsv
-- Up-to-date: /home/akinsantos/minipulator_ws/install/phantomx_reactor_arm_description/share/phantomx_reactor_arm_description/environment/path.sh
-- Up-to-date: /home/akinsantos/minipulator_ws/install/phantomx_reactor_arm_description/share/phantomx_reactor_arm_description/environment/path.dsv
-- Up-to-date: /home/akinsantos/minipulator_ws/install/phantomx_reactor_arm_description/share/phantomx_reactor_arm_description/local_setup.bash
-- Up-to-date: /home/akinsantos/minipulator_ws/install/phantomx_reactor_arm_description/share/phantomx_reactor_arm_description/local_setup.sh
-- Up-to-date: /home/akinsantos/minipulator_ws/install/phantomx_reactor_arm_description/share/phantomx_reactor_arm_description/local_setup.zsh
-- Up-to-date: /home/akinsantos/minipulator_ws/install/phantomx_reactor_arm_description/share/phantomx_reactor_arm_description/local_setup.dsv
-- Installing: /home/akinsantos/minipulator_ws/install/phantomx_reactor_arm_description/share/phantomx_reactor_arm_description/package.dsv
-- Up-to-date: /home/akinsantos/minipulator_ws/install/phantomx_reactor_arm_description/share/ament_index/resource_index/packages/phantomx_reactor_arm_description
-- Up-to-date: /home/akinsantos/minipulator_ws/install/phantomx_reactor_arm_description/share/phantomx_reactor_arm_description/cmake/phantomx_reactor_arm_descriptionConfig.cmake
-- Up-to-date: /home/akinsantos/minipulator_ws/install/phantomx_reactor_arm_description/share/phantomx_reactor_arm_description/cmake/phantomx_reactor_arm_descriptionConfig-version.cmake
-- Up-to-date: /home/akinsantos/minipulator_ws/install/phantomx_reactor_arm_description/share/phantomx_reactor_arm_description/package.xml
